[backblue.gif]
[fade.gif]
[index.html]
[ele.aut.ac.ir/_wind/en/res/bg.gif]
[ele.aut.ac.ir/_wind/en/r/wt.gif]
[ele.aut.ac.ir/_wind/en/r/itour1.gif]
[ele.aut.ac.ir/_wind/en/r/t.gif]
[ele.aut.ac.ir/_wind/en/r/ihome.gif]
[ele.aut.ac.ir/_wind/en/r/itour.gif]
[ele.aut.ac.ir/_wind/en/r/ifaq.gif]
[ele.aut.ac.ir/_wind/en/r/iquiz.gif]
[ele.aut.ac.ir/_wind/en/r/imanuf.gif]
[ele.aut.ac.ir/_wind/en/res/iarticl.gif]
[ele.aut.ac.ir/_wind/en/r/ipublic.gif]
[ele.aut.ac.ir/_wind/en/r/ipict.gif]
[ele.aut.ac.ir/_wind/en/r/inews.gif]
[ele.aut.ac.ir/_wind/en/r/imail.gif]
[ele.aut.ac.ir/_wind/en/r/ifind.gif]
[ele.aut.ac.ir/_wind/en/r/ilinks.gif]
[ele.aut.ac.ir/_wind/en/r/iabout.gif]
[ele.aut.ac.ir/_wind/en/r/iref.gif]
[ele.aut.ac.ir/_wind/en/r/iemail.gif]
[ele.aut.ac.ir/_wind/en/r/imap.gif]
[ele.aut.ac.ir/_wind/en/r/idload.gif]
[ele.aut.ac.ir/_wind/en/tour/index.html]
[ele.aut.ac.ir/_wind/en/res/ioff1.gif]
[ele.aut.ac.ir/_wind/en/res/seatemp.gif]
[ele.aut.ac.ir/_wind/en/tour/intro/index.html]
[ele.aut.ac.ir/_wind/en/res/polarsk.gif]
[ele.aut.ac.ir/_wind/en/res/polarlsk.gif]
[ele.aut.ac.ir/_wind/en/res/sidesk.gif]
[ele.aut.ac.ir/_wind/en/res/sidelsk.gif]
[ele.aut.ac.ir/_wind/en/tour/wres/index.html]
[ele.aut.ac.ir/_wind/en/r/itour2.gif]
[ele.aut.ac.ir/_wind/en/res/cirk.gif]
[ele.aut.ac.ir/_wind/en/tour/wres/coriolis.html]
[ele.aut.ac.ir/_wind/en/res/globe1.gif]
[ele.aut.ac.ir/_wind/en/res/globe2.gif]
[ele.aut.ac.ir/_wind/en/tour/wres/globwin.html]
[ele.aut.ac.ir/_wind/en/res/seabrzmo.gif]
[ele.aut.ac.ir/_wind/en/tour/wres/geostro.html]
[ele.aut.ac.ir/_wind/en/res/mount2.jpg]
[ele.aut.ac.ir/_wind/en/tour/wres/localwin.html]
[ele.aut.ac.ir/_wind/en/res/enermovi.gif]
[ele.aut.ac.ir/_wind/en/tour/wres/mount.html]
[ele.aut.ac.ir/_wind/en/res/turbtubx.gif]
[ele.aut.ac.ir/_wind/en/res/presssk.gif]
[ele.aut.ac.ir/_wind/en/res/turbtubs.gif]
[ele.aut.ac.ir/_wind/en/tour/wres/enerwind.html]
[ele.aut.ac.ir/_wind/en/res/x3.gif]
[ele.aut.ac.ir/_wind/en/tour/wres/tube.html]
[ele.aut.ac.ir/_wind/en/res/anemovie.gif]
[ele.aut.ac.ir/_wind/en/tour/wres/enrspeed.html]
[ele.aut.ac.ir/_wind/en/res/anemast.gif]
[ele.aut.ac.ir/_wind/en/res/logger.jpg]
[ele.aut.ac.ir/_wind/en/tour/wres/wndspeed.html]
[ele.aut.ac.ir/_wind/en/res/brest.gif]
[ele.aut.ac.ir/_wind/en/res/caen.gif]
[ele.aut.ac.ir/_wind/en/tour/wres/wndsprac.html]
[ele.aut.ac.ir/_wind/en/res/calc.gif]
[ele.aut.ac.ir/_wind/en/tour/wres/rose.html]
[ele.aut.ac.ir/_wind/en/res/wedges/f123.gif]
[ele.aut.ac.ir/_wind/en/res/wedges/v123.gif]
[ele.aut.ac.ir/_wind/en/res/wedges/e123.gif]
[ele.aut.ac.ir/_wind/en/r/shear.gif]
[ele.aut.ac.ir/_wind/en/res/akaroa1.jpg]
[ele.aut.ac.ir/_wind/en/res/akaroa2.jpg]
[ele.aut.ac.ir/_wind/en/tour/wres/roseplot.html]
[ele.aut.ac.ir/_wind/en/res/bluepix.gif]
[ele.aut.ac.ir/_wind/en/res/blpix.gif]
[ele.aut.ac.ir/_wind/en/res/redpix.gif]
[ele.aut.ac.ir/_wind/en/tour/wres/shear.html]
[ele.aut.ac.ir/_wind/en/r/www.gif]
[ele.aut.ac.ir/_wind/en/js/calculat.js]
[ele.aut.ac.ir/_wind/en/res/escarpsk.jpg]
[ele.aut.ac.ir/_wind/en/tour/wres/calculat.html]
[ele.aut.ac.ir/_wind/en/res/islaskmo.gif]
[ele.aut.ac.ir/_wind/en/tour/wres/escarp.html]
[ele.aut.ac.ir/_wind/en/r/rrose.gif]
[ele.aut.ac.ir/_wind/en/res/wedge.gif]
[ele.aut.ac.ir/_wind/en/r/variab.gif]
[ele.aut.ac.ir/_wind/en/tour/wres/rrose.html]
[ele.aut.ac.ir/_wind/en/res/diurnask.gif]
[ele.aut.ac.ir/_wind/en/r/variabtu.gif]
[ele.aut.ac.ir/_wind/en/tour/wres/variab.html]
[ele.aut.ac.ir/_wind/en/res/obst.gif]
[ele.aut.ac.ir/_wind/en/res/obst2.gif]
[ele.aut.ac.ir/_wind/en/res/vejlskmo.gif]
[ele.aut.ac.ir/_wind/en/tour/wres/turb.html]
[ele.aut.ac.ir/_wind/en/r/ws.gif]
[ele.aut.ac.ir/_wind/en/r/we.gif]
[ele.aut.ac.ir/_wind/en/tour/wres/obst.html]
[ele.aut.ac.ir/_wind/en/tour/wres/shade.html]
[ele.aut.ac.ir/_wind/en/res/building.gif]
[ele.aut.ac.ir/_wind/en/res/tree30.gif]
[ele.aut.ac.ir/_wind/en/res/tree50.gif]
[ele.aut.ac.ir/_wind/en/res/tree70.gif]
[ele.aut.ac.ir/_wind/en/r/itop.gif]
[ele.aut.ac.ir/_wind/en/res/kort.gif]
[ele.aut.ac.ir/_wind/en/res/grpix.gif]
[ele.aut.ac.ir/_wind/en/res/greenpix.gif]
[ele.aut.ac.ir/_wind/en/res/whpix.gif]
[ele.aut.ac.ir/_wind/en/tour/wres/shelter/guides.html]
[ele.aut.ac.ir/_wind/en/res/a.gif]
[ele.aut.ac.ir/_wind/en/res/c.gif]
[ele.aut.ac.ir/_wind/en/res/d.gif]
[ele.aut.ac.ir/_wind/en/res/b.gif]
[ele.aut.ac.ir/_wind/en/js/shelter.js]
[ele.aut.ac.ir/_wind/en/res/smoke1.jpg]
[ele.aut.ac.ir/_wind/en/res/smoke2.jpg]
[ele.aut.ac.ir/_wind/en/tour/wres/shelter/index.html]
[ele.aut.ac.ir/_wind/en/res/park.gif]
[ele.aut.ac.ir/_wind/en/tour/wres/wake.html]
[ele.aut.ac.ir/_wind/en/res/pumpmovi.gif]
[ele.aut.ac.ir/_wind/en/res/pumpstil.gif]
[ele.aut.ac.ir/_wind/en/res/tunlmovi.gif]
[ele.aut.ac.ir/_wind/en/tour/wres/park.html]
[ele.aut.ac.ir/_wind/en/res/hillmovi.gif]
[ele.aut.ac.ir/_wind/en/res/newhilmo.gif]
[ele.aut.ac.ir/_wind/en/tour/wres/speedup.html]
[ele.aut.ac.ir/_wind/en/res/enq1.jpg]
[ele.aut.ac.ir/_wind/en/res/enq2.jpg]
[ele.aut.ac.ir/_wind/en/tour/wres/hill.html]
[ele.aut.ac.ir/_wind/en/res/tunoe2.jpg]
[ele.aut.ac.ir/_wind/en/res/tunoe1.jpg]
[ele.aut.ac.ir/_wind/en/tour/wres/siting.html]
[ele.aut.ac.ir/_wind/en/r/ioff2.gif]
[ele.aut.ac.ir/_wind/en/res/euromap.gif]
[ele.aut.ac.ir/_wind/en/res/eurosgn.gif]
[ele.aut.ac.ir/_wind/en/tour/wres/offshore.html]
[ele.aut.ac.ir/_wind/en/tour/wres/euromap.html]
[ele.aut.ac.ir/_wind/en/res/dkmap.jpg]
[ele.aut.ac.ir/_wind/en/res/per.gif]
[ele.aut.ac.ir/_wind/en/tour/wres/dkmap.html]
[ele.aut.ac.ir/_wind/en/res/weibull.gif]
[ele.aut.ac.ir/_wind/en/res/weint.gif]
[ele.aut.ac.ir/_wind/en/tour/wres/weibull.html]
[ele.aut.ac.ir/_wind/en/tour/wres/weibull/index.html]
[ele.aut.ac.ir/_wind/en/res/bottle.gif]
[ele.aut.ac.ir/_wind/en/res/shelves.gif]
[ele.aut.ac.ir/_wind/en/tour/wres/bottle.html]
[ele.aut.ac.ir/_wind/en/res/betzbksk.gif]
[ele.aut.ac.ir/_wind/en/tour/wres/shelves.html]
[ele.aut.ac.ir/_wind/en/r/powdensi.gif]
[ele.aut.ac.ir/_wind/en/tour/wres/betz.html]
[ele.aut.ac.ir/_wind/en/res/pwr.gif]
[ele.aut.ac.ir/_wind/en/tour/wres/powdensi.html]
[ele.aut.ac.ir/_wind/en/res/cp.gif]
[ele.aut.ac.ir/_wind/en/tour/wres/pwr.html]
[ele.aut.ac.ir/_wind/en/tour/wres/cp.html]
[ele.aut.ac.ir/_wind/en/tour/wres/guidep.html]
[ele.aut.ac.ir/_wind/en/js/pow.js]
[ele.aut.ac.ir/_wind/en/js/gamma.js]
[ele.aut.ac.ir/_wind/en/r/gwhyr.gif]
[ele.aut.ac.ir/_wind/en/r/cstbylif.gif]
[ele.aut.ac.ir/_wind/en/tour/wres/pow/index.html]
[ele.aut.ac.ir/_wind/en/tour/wres/annu.html]
[ele.aut.ac.ir/_wind/en/tour/wtrb/comp/index.html]
[ele.aut.ac.ir/_wind/en/res/aircra.gif]
[ele.aut.ac.ir/_wind/en/res/uparrow.gif]
[ele.aut.ac.ir/_wind/en/res/liftmovi.gif]
[ele.aut.ac.ir/_wind/en/res/stallmov.gif]
[ele.aut.ac.ir/_wind/en/tour/wtrb/lift.html]
[ele.aut.ac.ir/_wind/en/res/bik1movi.gif]
[ele.aut.ac.ir/_wind/en/res/bik2movi.gif]
[ele.aut.ac.ir/_wind/en/tour/wtrb/stall.html]
[ele.aut.ac.ir/_wind/en/res/side.gif]
[ele.aut.ac.ir/_wind/en/res/front.gif]
[ele.aut.ac.ir/_wind/en/tour/wtrb/aerodyn2.html]
[ele.aut.ac.ir/_wind/en/res/radial.gif]
[ele.aut.ac.ir/_wind/en/res/closeups.gif]
[ele.aut.ac.ir/_wind/en/tour/wtrb/rotor.html]
[ele.aut.ac.ir/_wind/en/tour/wtrb/blades.html]
[ele.aut.ac.ir/_wind/en/res/pitchmo.gif]
[ele.aut.ac.ir/_wind/en/res/yawmovi2.gif]
[ele.aut.ac.ir/_wind/en/res/yawdwn.jpg]
[ele.aut.ac.ir/_wind/en/tour/wtrb/powerreg.html]
[ele.aut.ac.ir/_wind/en/res/spinpull.jpg]
[ele.aut.ac.ir/_wind/en/res/from225.gif]
[ele.aut.ac.ir/_wind/en/res/fromovi3.gif]
[ele.aut.ac.ir/_wind/en/res/from1500.gif]
[ele.aut.ac.ir/_wind/en/res/heights.gif]
[ele.aut.ac.ir/_wind/en/tour/wtrb/yaw.html]
[ele.aut.ac.ir/_wind/en/res/twrssk.jpg]
[ele.aut.ac.ir/_wind/en/res/negm1500.jpg]
[ele.aut.ac.ir/_wind/en/res/negm1500s.jpg]
[ele.aut.ac.ir/_wind/en/res/norx251.jpg]
[ele.aut.ac.ir/_wind/en/res/norx251s.jpg]
[ele.aut.ac.ir/_wind/en/res/genvind0.jpg]
[ele.aut.ac.ir/_wind/en/res/bonus95.jpg]
[ele.aut.ac.ir/_wind/en/res/bonus95s.jpg]
[ele.aut.ac.ir/_wind/en/res/generat.gif]
[ele.aut.ac.ir/_wind/en/tour/wtrb/tower.html]
[ele.aut.ac.ir/_wind/en/res/compmotr.gif]
[ele.aut.ac.ir/_wind/en/tour/wtrb/electric.html]
[ele.aut.ac.ir/_wind/en/res/fourpole.gif]
[ele.aut.ac.ir/_wind/en/tour/wtrb/syncgen.html]
[ele.aut.ac.ir/_wind/en/res/cage.gif]
[ele.aut.ac.ir/_wind/en/res/async.gif]
[ele.aut.ac.ir/_wind/en/res/asynctop.gif]
[ele.aut.ac.ir/_wind/en/tour/wtrb/genpoles.html]
[ele.aut.ac.ir/_wind/en/tour/wtrb/async.html]
[ele.aut.ac.ir/_wind/en/r/stator1.gif]
[ele.aut.ac.ir/_wind/en/res/stator2.gif]
[ele.aut.ac.ir/_wind/en/tour/wtrb/stator.html]
[ele.aut.ac.ir/_wind/en/res/indirect.gif]
[ele.aut.ac.ir/_wind/en/res/varisine.gif]
[ele.aut.ac.ir/_wind/en/res/dcmovie.gif]
[ele.aut.ac.ir/_wind/en/res/rectmovi.gif]
[ele.aut.ac.ir/_wind/en/res/fixdsine.gif]
[ele.aut.ac.ir/_wind/en/tour/wtrb/varislip.html]
[ele.aut.ac.ir/_wind/en/r/xpltxt.gif]
[ele.aut.ac.ir/_wind/en/res/cwmov.gif]
[ele.aut.ac.ir/_wind/en/tour/wtrb/indirect.html]
[ele.aut.ac.ir/_wind/en/res/gearbxsk.jpg]
[ele.aut.ac.ir/_wind/en/res/contlovo.jpg]
[ele.aut.ac.ir/_wind/en/res/opticcsk.jpg]
[ele.aut.ac.ir/_wind/en/tour/wtrb/powtrain.html]
[ele.aut.ac.ir/_wind/en/res/conthivo.jpg]
[ele.aut.ac.ir/_wind/en/res/capacsk.jpg]
[ele.aut.ac.ir/_wind/en/res/rdeadsk.jpg]
[ele.aut.ac.ir/_wind/en/tour/wtrb/control.html]
[ele.aut.ac.ir/_wind/en/res/robladck.jpg]
[ele.aut.ac.ir/_wind/en/res/rotorsk.gif]
[ele.aut.ac.ir/_wind/en/tour/wtrb/control2.html]
[ele.aut.ac.ir/_wind/en/r/airbrk1.gif]
[ele.aut.ac.ir/_wind/en/r/airbrk2.gif]
[ele.aut.ac.ir/_wind/en/tour/wtrb/size.html]
[ele.aut.ac.ir/_wind/en/res/shakesen.jpg]
[ele.aut.ac.ir/_wind/en/res/brakesk.jpg]
[ele.aut.ac.ir/_wind/en/res/emergst2.gif]
[ele.aut.ac.ir/_wind/en/res/laddersk.jpg]
[ele.aut.ac.ir/_wind/en/tour/wtrb/safety.html]
[ele.aut.ac.ir/_wind/en/res/emergst1.gif]
[ele.aut.ac.ir/_wind/en/tour/wtrb/safety2.html]
[ele.aut.ac.ir/_wind/en/res/vindrose.jpg]
[ele.aut.ac.ir/_wind/en/res/helicop1.jpg]
[ele.aut.ac.ir/_wind/en/res/helicop2.jpg]
[ele.aut.ac.ir/_wind/en/res/vertax.jpg]
[ele.aut.ac.ir/_wind/en/tour/design/index.html]
[ele.aut.ac.ir/_wind/en/tour/design/horver.html]
[ele.aut.ac.ir/_wind/en/res/fromovi2.gif]
[ele.aut.ac.ir/_wind/en/res/fromovi1.gif]
[ele.aut.ac.ir/_wind/en/res/teetmovi.gif]
[ele.aut.ac.ir/_wind/en/res/cowtmovi.gif]
[ele.aut.ac.ir/_wind/en/tour/design/updown.html]
[ele.aut.ac.ir/_wind/en/res/victor1.jpg]
[ele.aut.ac.ir/_wind/en/res/victor2.jpg]
[ele.aut.ac.ir/_wind/en/tour/design/concepts.html]
[ele.aut.ac.ir/_wind/en/tour/design/optim.html]
[ele.aut.ac.ir/_wind/en/tour/design/quietma.html]
[ele.aut.ac.ir/_wind/en/tour/design/quietae.html]
[ele.aut.ac.ir/_wind/en/res/nacsk.qt]
[ele.aut.ac.ir/_wind/en/tour/manu/index.html]
[ele.aut.ac.ir/_wind/en/res/sparksk.gif]
[ele.aut.ac.ir/_wind/en/res/strgagsk.jpg]
[ele.aut.ac.ir/_wind/en/res/cykscrsk.jpg]
[ele.aut.ac.ir/_wind/en/tour/manu/bladtest.html]
[ele.aut.ac.ir/_wind/en/res/torollsk.jpg]
[ele.aut.ac.ir/_wind/en/res/toskinsk.jpg]
[ele.aut.ac.ir/_wind/en/tour/manu/towerm.html]
[ele.aut.ac.ir/_wind/en/res/toweldou.jpg]
[ele.aut.ac.ir/_wind/en/res/toweldin.jpg]
[ele.aut.ac.ir/_wind/en/res/weldtow1.jpg]
[ele.aut.ac.ir/_wind/en/res/weldtow2.jpg]
[ele.aut.ac.ir/_wind/en/res/toflansk.jpg]
[ele.aut.ac.ir/_wind/en/res/boltssk.jpg]
[ele.aut.ac.ir/_wind/en/tour/manu/towerwld.html]
[ele.aut.ac.ir/_wind/en/tour/manu/towrassy.html]
[ele.aut.ac.ir/_wind/en/res/cofludy.gif]
[ele.aut.ac.ir/_wind/en/res/vortex.gif]
[ele.aut.ac.ir/_wind/en/res/vindeby.jpg]
[ele.aut.ac.ir/_wind/en/tour/rd/index.html]
[ele.aut.ac.ir/_wind/en/tour/rd/offintro.html]
[ele.aut.ac.ir/_wind/en/res/concret1.jpg]
[ele.aut.ac.ir/_wind/en/res/concret2.jpg]
[ele.aut.ac.ir/_wind/en/tour/rd/foundat.html]
[ele.aut.ac.ir/_wind/en/res/graviten.gif]
[ele.aut.ac.ir/_wind/en/res/gravitat.gif]
[ele.aut.ac.ir/_wind/en/r/gravgraf.gif]
[ele.aut.ac.ir/_wind/en/tour/rd/concrete.html]
[ele.aut.ac.ir/_wind/en/r/monograf.gif]
[ele.aut.ac.ir/_wind/en/res/monopile.gif]
[ele.aut.ac.ir/_wind/en/tour/rd/gravitat.html]
[ele.aut.ac.ir/_wind/en/res/tripod1.jpg]
[ele.aut.ac.ir/_wind/en/res/tripod2.jpg]
[ele.aut.ac.ir/_wind/en/r/tripgraf.gif]
[ele.aut.ac.ir/_wind/en/tour/rd/monopile.html]
[ele.aut.ac.ir/_wind/en/tour/rd/tripod.html]
[ele.aut.ac.ir/_wind/en/res/dkelsam.gif]
[ele.aut.ac.ir/_wind/en/res/elsam.gif]
[ele.aut.ac.ir/_wind/en/r/season.gif]
[ele.aut.ac.ir/_wind/en/res/annuvask.gif]
[ele.aut.ac.ir/_wind/en/tour/grid/index.html]
[ele.aut.ac.ir/_wind/en/r/sine.gif]
[ele.aut.ac.ir/_wind/en/res/floor.gif]
[ele.aut.ac.ir/_wind/en/res/lamp2.gif]
[ele.aut.ac.ir/_wind/en/res/lamp4.gif]
[ele.aut.ac.ir/_wind/en/res/lamp6.gif]
[ele.aut.ac.ir/_wind/en/r/text.gif]
[ele.aut.ac.ir/_wind/en/res/switchof.gif]
[ele.aut.ac.ir/_wind/en/res/switchon.gif]
[ele.aut.ac.ir/_wind/en/res/compuscr.gif]
[ele.aut.ac.ir/_wind/en/res/computer.gif]
[ele.aut.ac.ir/_wind/en/tour/grid/season.html]
[ele.aut.ac.ir/_wind/en/res/thyrisk.jpg]
[ele.aut.ac.ir/_wind/en/res/dkgrid.gif]
[ele.aut.ac.ir/_wind/en/tour/grid/rein.html]
[ele.aut.ac.ir/_wind/en/tour/grid/offshore.html]
[ele.aut.ac.ir/_wind/en/res/kappels1.jpg]
[ele.aut.ac.ir/_wind/en/res/kappels2.jpg]
[ele.aut.ac.ir/_wind/en/res/gotland2.jpg]
[ele.aut.ac.ir/_wind/en/res/gotland.jpg]
[ele.aut.ac.ir/_wind/en/tour/env/db/dbmap.gif]
[ele.aut.ac.ir/_wind/en/tour/env/index.html]
[ele.aut.ac.ir/_wind/en/tour/env/sound.html]
[ele.aut.ac.ir/_wind/en/res/db.gif]
[ele.aut.ac.ir/_wind/en/tour/env/db/redrotmo.gif]
[ele.aut.ac.ir/_wind/en/tour/env/db/dash.gif]
[ele.aut.ac.ir/_wind/en/tour/env/db/dbdef.html]
[ele.aut.ac.ir/_wind/en/tour/env/db/dbcalc.html]
[ele.aut.ac.ir/_wind/en/tour/env/db/db2calc.html]
[ele.aut.ac.ir/_wind/en/res/eiderd.gif]
[ele.aut.ac.ir/_wind/en/tour/env/enpaybk.html]
[ele.aut.ac.ir/_wind/en/res/twr1.jpg]
[ele.aut.ac.ir/_wind/en/res/twr2.jpg]
[ele.aut.ac.ir/_wind/en/res/mussels.gif]
[ele.aut.ac.ir/_wind/en/tour/env/birds.html]
[ele.aut.ac.ir/_wind/en/res/castmovi.gif]
[ele.aut.ac.ir/_wind/en/tour/env/birdsoff.html]
[ele.aut.ac.ir/_wind/en/res/worst30h.gif]
[ele.aut.ac.ir/_wind/en/res/rotorsim.gif]
[ele.aut.ac.ir/_wind/en/tour/env/shadow/index.html]
[ele.aut.ac.ir/_wind/en/res/worsth.gif]
[ele.aut.ac.ir/_wind/en/res/twoshad.gif]
[ele.aut.ac.ir/_wind/en/res/fixedyaw.gif]
[ele.aut.ac.ir/_wind/en/res/all30h.gif]
[ele.aut.ac.ir/_wind/en/tour/env/shadow/shadow.html]
[ele.aut.ac.ir/_wind/en/res/seasmov.gif]
[ele.aut.ac.ir/_wind/en/res/shad1800.gif]
[ele.aut.ac.ir/_wind/en/res/sh435363.gif]
[ele.aut.ac.ir/_wind/en/res/towers.gif]
[ele.aut.ac.ir/_wind/en/tour/env/shadow/shadowr.html]
[ele.aut.ac.ir/_wind/en/tour/env/shadow/shadow2.html]
[ele.aut.ac.ir/_wind/en/res/green.gif]
[ele.aut.ac.ir/_wind/en/res/ypix.gif]
[ele.aut.ac.ir/_wind/en/res/x.gif]
[ele.aut.ac.ir/_wind/en/tour/env/shadow/guide.html]
[ele.aut.ac.ir/_wind/en/js/s.js]
[ele.aut.ac.ir/_wind/en/tour/env/shadow/shadowc.html]
[ele.aut.ac.ir/_wind/en/r/banana.gif]
[ele.aut.ac.ir/_wind/en/res/site1.jpg]
[ele.aut.ac.ir/_wind/en/res/site2.jpg]
[ele.aut.ac.ir/_wind/en/tour/econ/index.html]
[ele.aut.ac.ir/_wind/en/tour/econ/install.html]
[ele.aut.ac.ir/_wind/en/tour/econ/oandm.html]
[ele.aut.ac.ir/_wind/en/res/metersk.jpg]
[ele.aut.ac.ir/_wind/en/tour/econ/income.html]
[ele.aut.ac.ir/_wind/en/tour/econ/tariffs.html]
[ele.aut.ac.ir/_wind/en/r/cstbykwh.gif]
[ele.aut.ac.ir/_wind/en/r/costbyms.gif]
[ele.aut.ac.ir/_wind/en/tour/econ/basic.html]
[ele.aut.ac.ir/_wind/en/tour/econ/economic.html]
[ele.aut.ac.ir/_wind/en/tour/econ/guide.html]
[ele.aut.ac.ir/_wind/en/js/econ.js]
[ele.aut.ac.ir/_wind/en/tour/econ/econ.html]
[ele.aut.ac.ir/_wind/en/tour/econ/offshore.html]
[ele.aut.ac.ir/_wind/en/tour/econ/empl.html]
[ele.aut.ac.ir/_wind/en/tour/rd/foundoff.html]
[ele.aut.ac.ir/_wind/en/tour/grid/house/house.html]
[ele.aut.ac.ir/_wind/en/tour/intro/index.html]
[ele.aut.ac.ir/_wind/en/tour/wres/index.html]
[ele.aut.ac.ir/_wind/en/tour/rd/foundoff.html]
[ele.aut.ac.ir/_wind/en/tour/grid/house/house.html]
[ele.aut.ac.ir/_wind/en/publ/wpnemple.html]
[ele.aut.ac.ir/_wind/en/movies/foundmsk.html]
